(agda2-status-action "")
(agda2-info-action "*Agda Version*" "Agda version 2.9.0" nil)
