(agda2-status-action "")
(agda2-info-action "*Type-checking*" "" nil)
(agda2-highlight-clear)
(agda2-status-action "")
(agda2-info-action "*All Goals, Warnings*" "?0 : Nat ?1 : P x ———— Warnings —————————————————————————————————————————————— Issue1110b.agda:12.13-21: warning: -W[no]RewritesNothing `rewrite' did not apply when checking that the clause f x rewrite bla ? = ? has type (x : Nat) → P x" nil)
((last . 1) . (agda2-goals-action '(0 1)))
